openapi: 3.0.0
info:
  title: "Title from enunciate.xml"
  version: "version from enunciate.xml"
  description: "Description from enunciate.xml. Can contain weird letters æøåÆØÅ"
servers:
- url: "../.."
paths:
  "/path/{pathArg}":
    delete:
      description: "Summary delete.\n\nDescription delete."
      tags:
        - "Resource group text"
      summary: "Summary delete."
      deprecated: false
      operationId: delete
      parameters:
      - name: "pathArg"
        in: path
        description: "Argument on path."
        required: true
        schema:
          type: string
        style: simple
      responses:
        "204":
          description: ""
          content:
            "*/*":
              schema:
                type: string
                format: binary
 
    get:
      description: "An initial summary.\n\nFollowed by a longer description.\n\n<p>And some HTML</p>\n<pre>\n {\n  \"weird\" : \"stuff\"\n }\n </pre>"
      tags:
        - "Resource group text"
      summary: "An initial summary."
      deprecated: false
      operationId: get
      parameters:
      - name: "pathArg"
        in: path
        description: "Argument on path."
        required: true
        schema:
          type: string
        style: simple
      responses:
        "200":
          description: ""
          content:
            "*/*":
              schema:
                $ref: "#/components/schemas/json_DataDTO"
 
    put:
      description: "Summary.\n\nDescription follows..."
      tags:
        - "Resource group text"
      summary: "Summary."
      deprecated: false
      operationId: update
      parameters:
      - name: "pathArg"
        in: path
        description: "Argument on path."
        required: true
        schema:
          type: string
        style: simple
      requestBody:
        description: ""
        required: true
        content:
          "application/json":
            schema:
              $ref: "#/components/schemas/json_DataDTO"
      responses:
        "204":
          description: ""
          content:
            "*/*":
              schema:
                $ref: "#/components/schemas/json_DataDTO"
 
components:
  schemas:
    "json_DataDTO":
      title: "DataDTO"
      type: object
      properties:
        last:
          type: string
        first:
          type: string
      example:
        last: "..."
        first: "..."
